Microchip MPLAB XC8 Compiler V3.10

Linker command line:

-W-3 \
  --edf=C:/Users/notwe/.mchp_packs/Microchip/PIC18F-K_DFP/1.16.308/xc8\pic\dat\20260422061036_en.msgs \
  -cn \
  -h+C:\Users\notwe\MPLABProjects\uta_fsae_bms_v1.1\out\LV_BMS_V1.0\default.sym \
  --cmf=C:\Users\notwe\MPLABProjects\uta_fsae_bms_v1.1\out\LV_BMS_V1.0\default.cmf \
  -z -Q18LF26K83 \
  -oC:\Users\notwe\AppData\Local\Temp\xcBslag.1\driver_tmp_3.o \
  --defsym=__MPLAB_BUILD=1 --fixupoverflow=error -Mmem.map \
  --md=C:\Users\notwe\AppData\Local\Temp\xcBslag.1\driver_tmp_0.dat -E1 \
  -ver=XC8 Compiler -ACODE=00h-0FFFFh -ACONST=00h-0FFFFh \
  -ASMALLCONST=01000h-010FFhx240 -AMEDIUMCONST=01000h-0FFFFh \
  -ACOMRAM=01h-05Fh -AABS1=00h-0FFFh -ABIGRAM=01h-0FFFh \
  -ARAM=060h-0FFh,0100h-01FFhx15 -ABANK0=060h-0FFh -ABANK1=0100h-01FFh \
  -ABANK2=0200h-02FFh -ABANK3=0300h-03FFh -ABANK4=0400h-04FFh \
  -ABANK5=0500h-05FFh -ABANK6=0600h-06FFh -ABANK7=0700h-07FFh \
  -ABANK8=0800h-08FFh -ABANK9=0900h-09FFh -ABANK10=0A00h-0AFFh \
  -ABANK11=0B00h-0BFFh -ABANK12=0C00h-0CFFh -ABANK13=0D00h-0DFFh \
  -ABANK14=0E00h-0EFFh -ABANK15=0F00h-0FFFh \
  -ASFR=03700h-037FFhx8,03F00h-03F5Fh,03F60h-03FFFh -ABIGSFR=03700h-03FFFh \
  -ACONFIG=0300000h-0300009h -AIDLOC=0200000h-020000Fh \
  -AEEDATA=0310000h-03103FFh -peeprom_data=EEDATA -preset_vec=00h \
  -ppowerup=CODE,init -pramtop=01000h -psmallconst=SMALLCONST \
  -pmediumconst=MEDIUMCONST -pconst=CONST -AFARRAM=00h-00h \
  -prdata=COMRAM,nvrram=COMRAM,nvbit=COMRAM,rbss=COMRAM,rbit=COMRAM \
  -pfarbss=FARRAM,fardata=FARRAM,nvFARRAM=FARRAM \
  -pintsave_regs=BIGRAM,bigbss=BIGRAM,bigdata=BIGRAM -pbss=RAM \
  -pidata=CODE,irdata=CODE,ibigdata=CODE,ifardata=CODE -prparam=COMRAM \
  C:\Users\notwe\AppData\Local\Temp\xcBslag.1\driver_tmp_9.o \
  C:\Users\notwe\MPLABProjects\uta_fsae_bms_v1.1\out\LV_BMS_V1.0\default.o 

Object code version is 3.11

Machine type is 18LF26K83



                Name                               Link     Load   Length Selector   Space Scale
C:\Users\notwe\AppData\Local\Temp\xcBslag.1\driver_tmp_9.o
                init                               FFFC     FFFC        4     7FFE       0
                reset_vec                             0        0        4        0       0
C:\Users\notwe\MPLABProjects\uta_fsae_bms_v1.1\out\LV_BMS_V1.0\default.o
                smallconst                         1000     1000       82      800       0
                text0                              10DC     10DC        8      841       0
                bssBIGRAM                           2D0      2D0      200      2D0       1
                bssBANK2                            200      200       D0      200       1
                bssBANK1                            100      100       D0      100       1
                dataCOMRAM                            9        9        2        1       1
                bssCOMRAM                             1        1        8        1       1
                cinit                              1082     1082       5A      841       0
                idataCOMRAM                        10E4     10E4        2      841       0

TOTAL           Name                               Link     Load   Length     Space
        CLASS   CODE           
                init                               FFFC     FFFC        4         0
                reset_vec                             0        0        4         0
                text0                              10DC     10DC        8         0
                cinit                              1082     1082       5A         0
                idataCOMRAM                        10E4     10E4        2         0

        CLASS   CONST          

        CLASS   SMALLCONST     
                smallconst                         1000     1000       82         0

        CLASS   MEDIUMCONST    

        CLASS   COMRAM         
                dataCOMRAM                            9        9        2         1
                bssCOMRAM                             1        1        8         1

        CLASS   ABS1           

        CLASS   BIGRAM         
                bssBIGRAM                           2D0      2D0      200         1

        CLASS   RAM            

        CLASS   BANK0          

        CLASS   BANK1          
                bssBANK1                            100      100       D0         1

        CLASS   BANK2          
                bssBANK2                            200      200       D0         1

        CLASS   BANK3          

        CLASS   BANK4          

        CLASS   BANK5          

        CLASS   BANK6          

        CLASS   BANK7          

        CLASS   BANK8          

        CLASS   BANK9          

        CLASS   BANK10         

        CLASS   BANK11         

        CLASS   BANK12         

        CLASS   BANK13         

        CLASS   BANK14         

        CLASS   BANK15         

        CLASS   SFR            

        CLASS   BIGSFR         

        CLASS   CONFIG         

        CLASS   IDLOC          

        CLASS   EEDATA         

        CLASS   FARRAM         

        CLASS   HEAP           

        CLASS   STACK          



SEGMENTS        Name                           Load    Length   Top    Selector   Space  Class

                reset_vec                      000000  000004  000004         0       0  CODE    
                bssCOMRAM                      000001  00000A  00000B         1       1  COMRAM  
                bssBANK1                       000100  0000D0  0001D0       100       1  BANK1   
                bssBANK2                       000200  0000D0  0002D0       200       1  BANK2   
                bssBIGRAM                      0002D0  000200  0004D0       2D0       1  BIGRAM  
                smallconst                     001000  000082  001082       800       0  SMALLCON
                cinit                          001082  000064  0010E6       841       0  CODE    
                init                           00FFFC  000004  010000      7FFE       0  CODE    


UNUSED ADDRESS RANGES

        Name                Unused          Largest block    Delta
        BANK0            00060-000FF              A0
        BANK1            001D0-001FF              30
        BANK10           00A00-00AFF             100
        BANK11           00B00-00BFF             100
        BANK12           00C00-00CFF             100
        BANK13           00D00-00DFF             100
        BANK14           00E00-00EFF             100
        BANK15           00F00-00FFF             100
        BANK4            004D0-004FF              30
        BANK5            00500-005FF             100
        BANK6            00600-006FF             100
        BANK7            00700-007FF             100
        BANK8            00800-008FF             100
        BANK9            00900-009FF             100
        BIGRAM           0000B-000FF              F5
                         001D0-001FF              30
                         004D0-00FFF             B30
        BIGSFR           03700-03FFF             900
        CODE             00004-00FFF             FFC
                         010E6-0FFFB            EF16
        COMRAM           0000B-0005F              55
        CONFIG           300000-300009               A
        CONST            00004-00FFF             FFC
                         010E6-0FFFB            EF16
        EEDATA           310000-3103FF             400
        IDLOC            200000-20000F              10
        MEDIUMCONST      010E6-0FFFB            EF16
        RAM              00060-000FF              A0
                         001D0-001FF              30
                         004D0-00FFF             100
        SFR              03700-03FFF             100
        SMALLCONST       010E6-0FFFB             100

                                  Symbol Table

_CLRAUX                         smallconst   01035
_CLRCELL                        smallconst   01037
_CLRSCTRL                       smallconst   0104C
_CLRSTAT                        smallconst   01033
_CRC15_POLY                     dataCOMRAM   00009
_DIAGN                          smallconst   0102F
_MUTE                           smallconst   0104B
_PLADC                          smallconst   01031
_RDAUXA                         smallconst   01059
_RDAUXB                         smallconst   01058
_RDAUXC                         smallconst   01057
_RDAUXD                         smallconst   01056
_RDCFGA                         smallconst   01061
_RDCFGB                         smallconst   01060
_RDCOMM                         smallconst   0102B
_RDCVA                          smallconst   0105F
_RDCVB                          smallconst   0105E
_RDCVC                          smallconst   0105D
_RDCVD                          smallconst   0105C
_RDCVE                          smallconst   0105B
_RDCVF                          smallconst   0105A
_RDPSB                          smallconst   0104E
_RDPWM                          smallconst   0104F
_RDSCTRL                        smallconst   01050
_RDSTATA                        smallconst   01055
_RDSTATB                        smallconst   01054
_STCOMM                         smallconst   01029
_STSCTRL                        smallconst   0104D
_UNMUTE                         smallconst   0104A
_WRCFGA                         smallconst   01063
_WRCFGB                         smallconst   01062
_WRCOMM                         smallconst   0102D
_WRPSB                          smallconst   01051
_WRPWM                          smallconst   01052
_WRSCTRL                        smallconst   01053
__HRAM                          (abs)        00000
__H__absolute__                 __absolute__ 00000
__Habs1                         abs1         00000
__Hbank0                        bank0        00000
__Hbank1                        bank1        00000
__Hbank10                       bank10       00000
__Hbank11                       bank11       00000
__Hbank12                       bank12       00000
__Hbank13                       bank13       00000
__Hbank14                       bank14       00000
__Hbank15                       bank15       00000
__Hbank2                        bank2        00000
__Hbank3                        bank3        00000
__Hbank4                        bank4        00000
__Hbank5                        bank5        00000
__Hbank6                        bank6        00000
__Hbank7                        bank7        00000
__Hbank8                        bank8        00000
__Hbank9                        bank9        00000
__Hbigbss                       bigbss       00000
__Hbigdata                      bigdata      00000
__Hbigram                       bigram       00000
__Hbigsfr                       bigsfr       00000
__Hbss                          bss          00000
__HbssBANK1                     bssBANK1     00000
__HbssBANK2                     bssBANK2     00000
__HbssBIGRAM                    bssBIGRAM    00000
__HbssCOMRAM                    bssCOMRAM    00000
__Hcinit                        cinit        00000
__Hclrtext                      clrtext      00000
__Hcomram                       comram       00000
__Hconfig                       config       00000
__Hconst                        const        00000
__HcstackCOMRAM                 cstackCOMRAM 00000
__Hdata                         data         00000
__HdataCOMRAM                   dataCOMRAM   00000
__Heeprom_data                  eeprom_data  00000
__Hfarbss                       farbss       00000
__Hfardata                      fardata      00000
__Hheap                         heap         00000
__Hibigdata                     ibigdata     00000
__Hidata                        idata        00000
__HidataCOMRAM                  idataCOMRAM  00000
__Hidloc                        idloc        00000
__Hifardata                     ifardata     00000
__Hinit                         init         10000
__Hintsave_regs                 intsave_regs 00000
__Hirdata                       irdata       00000
__Hmediumconst                  mediumconst  00000
__HnvFARRAM                     nvFARRAM     00000
__Hnvbit                        nvbit        00000
__Hnvrram                       nvrram       00000
__Hparam                        rparam       00000
__Hpowerup                      powerup      00000
__Hram                          ram          00000
__Hramtop                       ramtop       01000
__Hrbit                         rbit         00000
__Hrbss                         rbss         00000
__Hrdata                        rdata        00000
__Hreset_vec                    reset_vec    00004
__Hrparam                       rparam       00000
__Hsfr                          sfr          00000
__Hsmallconst                   smallconst   01082
__Hspace_0                      (abs)        10000
__Hspace_1                      (abs)        004D0
__Hspace_2                      (abs)        00000
__Hspace_4                      (abs)        00000
__Hstack                        stack        00000
__Hstruct                       struct       00000
__Htemp                         temp         00000
__Htext                         text         00000
__Htext0                        text0        00000
__LRAM                          (abs)        00001
__L__absolute__                 __absolute__ 00000
__Labs1                         abs1         00000
__Lbank0                        bank0        00000
__Lbank1                        bank1        00000
__Lbank10                       bank10       00000
__Lbank11                       bank11       00000
__Lbank12                       bank12       00000
__Lbank13                       bank13       00000
__Lbank14                       bank14       00000
__Lbank15                       bank15       00000
__Lbank2                        bank2        00000
__Lbank3                        bank3        00000
__Lbank4                        bank4        00000
__Lbank5                        bank5        00000
__Lbank6                        bank6        00000
__Lbank7                        bank7        00000
__Lbank8                        bank8        00000
__Lbank9                        bank9        00000
__Lbigbss                       bigbss       00000
__Lbigdata                      bigdata      00000
__Lbigram                       bigram       00000
__Lbigsfr                       bigsfr       00000
__Lbss                          bss          00000
__LbssBANK1                     bssBANK1     00000
__LbssBANK2                     bssBANK2     00000
__LbssBIGRAM                    bssBIGRAM    00000
__LbssCOMRAM                    bssCOMRAM    00000
__Lcinit                        cinit        00000
__Lclrtext                      clrtext      00000
__Lcomram                       comram       00000
__Lconfig                       config       00000
__Lconst                        const        00000
__LcstackCOMRAM                 cstackCOMRAM 00000
__Ldata                         data         00000
__LdataCOMRAM                   dataCOMRAM   00000
__Leeprom_data                  eeprom_data  00000
__Lfarbss                       farbss       00000
__Lfardata                      fardata      00000
__Lheap                         heap         00000
__Libigdata                     ibigdata     00000
__Lidata                        idata        00000
__LidataCOMRAM                  idataCOMRAM  00000
__Lidloc                        idloc        00000
__Lifardata                     ifardata     00000
__Linit                         init         0FFFC
__Lintsave_regs                 intsave_regs 00000
__Lirdata                       irdata       00000
__Lmediumconst                  mediumconst  00000
__LnvFARRAM                     nvFARRAM     00000
__Lnvbit                        nvbit        00000
__Lnvrram                       nvrram       00000
__Lparam                        rparam       00000
__Lpowerup                      powerup      00000
__Lram                          ram          00000
__Lramtop                       ramtop       01000
__Lrbit                         rbit         00000
__Lrbss                         rbss         00000
__Lrdata                        rdata        00000
__Lreset_vec                    reset_vec    00000
__Lrparam                       rparam       00000
__Lsfr                          sfr          00000
__Lsmallconst                   smallconst   01000
__Lspace_0                      (abs)        00000
__Lspace_1                      (abs)        00000
__Lspace_2                      (abs)        00000
__Lspace_4                      (abs)        00000
__Lstack                        stack        00000
__Lstruct                       struct       00000
__Ltemp                         temp         00000
__Ltext                         text         00000
__Ltext0                        text0        00000
__S0                            (abs)        10000
__S1                            (abs)        004D0
__S4                            (abs)        00000
__S5                            (abs)        00000
___heap_hi                      (abs)        00000
___heap_lo                      (abs)        00000
___inthi_sp                     stack        00000
___inthi_stack_hi               stack        00000
___inthi_stack_lo               stack        00000
___intlo_sp                     stack        00000
___intlo_stack_hi               stack        00000
___intlo_stack_lo               stack        00000
___param_bank                   (abs)        00000
___rparam_used                  (abs)        00001
___sp                           stack        00000
___stack_hi                     stack        00000
___stack_lo                     stack        00000
__accesstop                     (abs)        00060
__activetblptr                  (abs)        00003
__end_of_ADAX                   smallconst   01076
__end_of_ADAXD                  smallconst   01074
__end_of_ADCV                   smallconst   0107E
__end_of_ADCVAX                 smallconst   01068
__end_of_ADCVSC                 smallconst   01066
__end_of_ADOL                   smallconst   01078
__end_of_ADOW                   smallconst   0107C
__end_of_ADSTAT                 smallconst   0106E
__end_of_ADSTATD                smallconst   0106C
__end_of_AXOW                   smallconst   01072
__end_of_AXST                   smallconst   01070
__end_of_CHG_SHIFT              smallconst   0103D
__end_of_CHST_SHIFT             smallconst   0103B
__end_of_CH_SHIFT               smallconst   0103F
__end_of_CLRAUX                 smallconst   01037
__end_of_CLRCELL                smallconst   01039
__end_of_CLRSCTRL               smallconst   0104D
__end_of_CLRSTAT                smallconst   01035
__end_of_CVST                   smallconst   0107A
__end_of_DCP_SHIFT              smallconst   01041
__end_of_DIAGN                  smallconst   01031
__end_of_DUMMY_BYTE             smallconst   0104A
__end_of_INTEGRAL_MAX           smallconst   01021
__end_of_INTEGRAL_MIN           smallconst   0101D
__end_of_K_I                    smallconst   01025
__end_of_K_P                    smallconst   01029
__end_of_MD_SHIFT               smallconst   01047
__end_of_MUTE                   smallconst   0104C
__end_of_PLADC                  smallconst   01033
__end_of_PUP_SHIFT              smallconst   01045
__end_of_PWM_MAX                smallconst   01019
__end_of_PWM_MAX_INT            smallconst   01080
__end_of_PWM_MIN                smallconst   01015
__end_of_RDAUXA                 smallconst   0105A
__end_of_RDAUXB                 smallconst   01059
__end_of_RDAUXC                 smallconst   01058
__end_of_RDAUXD                 smallconst   01057
__end_of_RDCFGA                 smallconst   01062
__end_of_RDCFGB                 smallconst   01061
__end_of_RDCOMM                 smallconst   0102D
__end_of_RDCVA                  smallconst   01060
__end_of_RDCVB                  smallconst   0105F
__end_of_RDCVC                  smallconst   0105E
__end_of_RDCVD                  smallconst   0105D
__end_of_RDCVE                  smallconst   0105C
__end_of_RDCVF                  smallconst   0105B
__end_of_RDPSB                  smallconst   0104F
__end_of_RDPWM                  smallconst   01050
__end_of_RDSCTRL                smallconst   01051
__end_of_RDSTATA                smallconst   01056
__end_of_RDSTATB                smallconst   01055
__end_of_STATST                 smallconst   0106A
__end_of_STCOMM                 smallconst   0102B
__end_of_STSCTRL                smallconst   0104E
__end_of_ST_SHIFT               smallconst   01043
__end_of_UNMUTE                 smallconst   0104B
__end_of_US_TO_MS               smallconst   01049
__end_of_WRCFGA                 smallconst   01064
__end_of_WRCFGB                 smallconst   01063
__end_of_WRCOMM                 smallconst   0102F
__end_of_WRPSB                  smallconst   01052
__end_of_WRPWM                  smallconst   01053
__end_of_WRSCTRL                smallconst   01054
__end_of__initialization        cinit        010D6
__end_of_cell_meas_time_us      smallconst   01011
__end_of_cell_meas_time_us$F860 smallconst   01009
__end_of_main                   text0        010E4
__initialization                cinit        01082
__mediumconst                   smallconst   01000
__pbssBANK1                     bssBANK1     00100
__pbssBANK2                     bssBANK2     00200
__pbssBIGRAM                    bssBIGRAM    002D0
__pbssCOMRAM                    bssCOMRAM    00001
__pcinit                        cinit        01082
__pcstackCOMRAM                 cstackCOMRAM 00000
__pdataCOMRAM                   dataCOMRAM   00009
__pidataCOMRAM                  idataCOMRAM  010E4
__psmallconst                   smallconst   01000
__ptext0                        text0        010DC
__ramtop                        ramtop       01000
__smallconst                    smallconst   01000
_bms_fault_table                bssBANK1     00100
_cell_meas_time_us              smallconst   01009
_is_init                        bssCOMRAM    00008
_main                           text0        010DC
_pec15Table                     bssBIGRAM    002D0
_state                          bssCOMRAM    00007
_tick                           bssCOMRAM    00001
_util_irq                       bssCOMRAM    00005
end_of_initialization           cinit        010D6
intlevel0                       text         00000
intlevel1                       text         00000
intlevel2                       text         00000
intlevel3                       text         00000
isa$std                         (abs)        00001
isa$xinst                       (abs)        00000
stackhi                         (abs)        00000
stacklo                         (abs)        00000
start                           init         0FFFC
start_initialization            cinit        01082


MODULE INFORMATION

Module		Function		Class		Link	Load	Size
shared
		_CLRCELL       		SMALLCONST     	1037	0000	2
		_RDAUXA        		SMALLCONST     	1059	0000	1
		_STSCTRL       		SMALLCONST     	104D	0000	1
		_WRSCTRL       		SMALLCONST     	1053	0000	1
		_RDCVB         		SMALLCONST     	105E	0000	1
		_RDAUXD        		SMALLCONST     	1056	0000	1
		_K_I           		SMALLCONST     	0000	0000	0
		_ADSTAT        		SMALLCONST     	0000	0000	0
		_ADOW          		SMALLCONST     	0000	0000	0
		_DCP_SHIFT     		SMALLCONST     	0000	0000	0
		_ADOL          		SMALLCONST     	0000	0000	0
		_STCOMM        		SMALLCONST     	1029	0000	2
		_WRCOMM        		SMALLCONST     	102D	0000	2
		_RDCVC         		SMALLCONST     	105D	0000	1
		_CH_SHIFT      		SMALLCONST     	0000	0000	0
		_RDCFGB        		SMALLCONST     	1060	0000	1
		_MD_SHIFT      		SMALLCONST     	0000	0000	0
		_WRCFGA        		SMALLCONST     	1063	0000	1
		_INTEGRAL_MIN  		SMALLCONST     	0000	0000	0
		_INTEGRAL_MAX  		SMALLCONST     	0000	0000	0
		_MUTE          		SMALLCONST     	104B	0000	1
		_ADAXD         		SMALLCONST     	0000	0000	0
		_PWM_MIN       		SMALLCONST     	0000	0000	0
		_US_TO_MS      		SMALLCONST     	0000	0000	0
		_RDPSB         		SMALLCONST     	104E	0000	1
		_cell_meas_time_us$F860		SMALLCONST     	0000	0000	0
		_RDAUXB        		SMALLCONST     	1058	0000	1
		_K_P           		SMALLCONST     	0000	0000	0
		_RDCVD         		SMALLCONST     	105C	0000	1
		_PWM_MAX       		SMALLCONST     	0000	0000	0
		_CLRAUX        		SMALLCONST     	1035	0000	2
		_CVST          		SMALLCONST     	0000	0000	0
		_PWM_MAX_INT   		SMALLCONST     	0000	0000	0
		_AXST          		SMALLCONST     	0000	0000	0
		_UNMUTE        		SMALLCONST     	104A	0000	1
		__initialization		CODE           	1082	0000	84
		_ADCV          		SMALLCONST     	0000	0000	0
		_AXOW          		SMALLCONST     	0000	0000	0
		_RDCVE         		SMALLCONST     	105B	0000	1
		_CHST_SHIFT    		SMALLCONST     	0000	0000	0
		_RDPWM         		SMALLCONST     	104F	0000	1
		_WRCFGB        		SMALLCONST     	1062	0000	1
		_ADAX          		SMALLCONST     	0000	0000	0
		_PUP_SHIFT     		SMALLCONST     	0000	0000	0
		_ST_SHIFT      		SMALLCONST     	0000	0000	0
		_CLRSTAT       		SMALLCONST     	1033	0000	2
		_RDSCTRL       		SMALLCONST     	1050	0000	1
		_DIAGN         		SMALLCONST     	102F	0000	2
		_RDSTATB       		SMALLCONST     	1054	0000	1
		_WRPSB         		SMALLCONST     	1051	0000	1
		_RDAUXC        		SMALLCONST     	1057	0000	1
		_RDCVF         		SMALLCONST     	105A	0000	1
		_PLADC         		SMALLCONST     	1031	0000	2
		_RDCOMM        		SMALLCONST     	102B	0000	2
		_ADCVSC        		SMALLCONST     	0000	0000	0
		_CHG_SHIFT     		SMALLCONST     	0000	0000	0
		_RDCVA         		SMALLCONST     	105F	0000	1
		_ADSTATD       		SMALLCONST     	0000	0000	0
		_RDCFGA        		SMALLCONST     	1061	0000	1
		_CLRSCTRL      		SMALLCONST     	104C	0000	1
		_WRPWM         		SMALLCONST     	1052	0000	1
		_cell_meas_time_us		SMALLCONST     	1009	0000	8
		_STATST        		SMALLCONST     	0000	0000	0
		_ADCVAX        		SMALLCONST     	0000	0000	0
		_DUMMY_BYTE    		SMALLCONST     	0000	0000	0
		_RDSTATA       		SMALLCONST     	1055	0000	1

shared estimated size: 134

C:\Users\notwe\MPLABProjects\uta_fsae_bms_v1.1\main.c
		_main          		CODE           	10DC	0000	8

C:\Users\notwe\MPLABProjects\uta_fsae_bms_v1.1\main.c estimated size: 8

